// Vitest Snapshot v1, https://vitest.dev/guide/snapshot.html

exports[`ButtonV1 > default 1`] = `
<button
  class="z-0 group relative inline-flex items-center justify-center box-border appearance-none select-none whitespace-nowrap subpixel-antialiased overflow-hidden tap-highlight-transparent data-[pressed=true]:scale-[0.97] outline-none data-[focus-visible=true]:z-10 data-[focus-visible=true]:outline-2 data-[focus-visible=true]:outline-focus data-[focus-visible=true]:outline-offset-2 px-4 min-w-20 h-10 gap-2 [&>svg]:max-w-[theme(spacing.8)] transition-transform-colors-opacity motion-reduce:transition-none data-[hover=true]:opacity-hover rounded-none text-sm font-bold bg-foreground text-background"
  type="button"
>
  Call to action copy
</button>
`;
